src/components/layout/NotificationBell.tsx(5,37): error TS2307: Cannot find module 'date-fns' or its corresponding type declarations.
src/components/ui/Select.tsx(3,34): error TS2307: Cannot find module '@radix-ui/react-select' or its corresponding type declarations.
src/pages/public/Login.tsx(6,29): error TS2307: Cannot find module '@hookform/resolvers/zod' or its corresponding type declarations.
src/pages/public/Register.tsx(6,29): error TS2307: Cannot find module '@hookform/resolvers/zod' or its corresponding type declarations.
src/pages/public/VerifyEmail.tsx(6,29): error TS2307: Cannot find module '@hookform/resolvers/zod' or its corresponding type declarations.
